murchhana@Len-X1:~/KJSIT/Semester V/AI Internship/Winter-Internship-Project$ pip install sentence-transformers==3.0.1 transformers==4.40.2 huggingfac
e_hub==0.22.2 tf-keras
error: externally-managed-environment

× This environment is externally managed
╰─> To install Python packages system-wide, try apt install
    python3-xyz, where xyz is the package you are trying to
    install.
    
    If you wish to install a non-Debian-packaged Python package,
    create a virtual environment using python3 -m venv path/to/venv.
    Then use path/to/venv/bin/python and path/to/venv/bin/pip. Make
    sure you have python3-full installed.
    
    If you wish to install a non-Debian packaged Python application,
    it may be easiest to use pipx install xyz, which will manage a
    virtual environment for you. Make sure you have pipx installed.
    
    See /usr/share/doc/python3.12/README.venv for more information.

note: If you believe this is a mistake, please contact your Python installation or OS distribution provider. You can override this, at the risk of breaking your Python installation or OS, by passing --break-system-packages.
hint: See PEP 668 for the detailed specification.
murchhana@Len-X1:~/KJSIT/Semester V/AI Internship/Winter-Internship-Project$ pynthon3 -m venv .
Command 'pynthon3' not found, did you mean:
  command 'python3' from deb python3 (3.12.3-0ubuntu2.1)
Try: sudo apt install <deb name>
murchhana@Len-X1:~/KJSIT/Semester V/AI Internship/Winter-Internship-Project$ python3 -m venv .
murchhana@Len-X1:~/KJSIT/Semester V/AI Internship/Winter-Internship-Project$ pip install sentence-transformers==3.0.1 transformers==4.40.2 huggingface_hub==0.22.2 tf-keras
error: externally-managed-environment

× This environment is externally managed
╰─> To install Python packages system-wide, try apt install
    python3-xyz, where xyz is the package you are trying to
    install.
    
    If you wish to install a non-Debian-packaged Python package,
    create a virtual environment using python3 -m venv path/to/venv.
    Then use path/to/venv/bin/python and path/to/venv/bin/pip. Make
    sure you have python3-full installed.
    
    If you wish to install a non-Debian packaged Python application,
    it may be easiest to use pipx install xyz, which will manage a
    virtual environment for you. Make sure you have pipx installed.
    
    See /usr/share/doc/python3.12/README.venv for more information.

note: If you believe this is a mistake, please contact your Python installation or OS distribution provider. You can override this, at the risk of breaking your Python installation or OS, by passing --break-system-packages.
hint: See PEP 668 for the detailed specification.
murchhana@Len-X1:~/KJSIT/Semester V/AI Internship/Winter-Internship-Project$ use /home/comp/KJSIT/bin/activate
Command 'use' not found, did you mean:
  command 'muse' from deb muse (4.2.1-1)
  command 'fuse' from deb fuse-emulator-gtk (1.6.0+dfsg1-2)
  command 'fuse' from deb fuse-emulator-sdl (1.6.0+dfsg1-2)
  command 'nse' from deb ns2 (2.35+dfsg-5)
  command 'ase' from deb ase (3.22.1-3)
Try: sudo apt install <deb name>
murchhana@Len-X1:~/KJSIT/Semester V/AI Internship/Winter-Internship-Project$ /home/comp/KJSIT/bin/activate
bash: /home/comp/KJSIT/bin/activate: No such file or directory
murchhana@Len-X1:~/KJSIT/Semester V/AI Internship/Winter-Internship-Project$ ../../../bin/activate
bash: ../../../bin/activate: Permission denied
murchhana@Len-X1:~/KJSIT/Semester V/AI Internship/Winter-Internship-Project$ 
 *  History restored 

murchhana@Len-X1:~/KJSIT/Semester V/AI Internship/Winter-Internship-Project$ source ../../../bin/activate
(KJSIT) murchhana@Len-X1:~/KJSIT/Semester V/AI Internship/Winter-Internship-Project$ pip install sentence-transformers==3.0.1 transformers==4.40.2 hu
ggingface_hub==0.22.2 tf-keras
Collecting sentence-transformers==3.0.1
  Downloading sentence_transformers-3.0.1-py3-none-any.whl.metadata (10 kB)
Collecting transformers==4.40.2
  Downloading transformers-4.40.2-py3-none-any.whl.metadata (137 kB)
     ━━━━━━━━━━━━━━━━━━━━━━━━━━━━━━━━━━━━━━━━ 138.0/138.0 kB 3.7 MB/s eta 0:00:00
Collecting huggingface_hub==0.22.2
  Downloading huggingface_hub-0.22.2-py3-none-any.whl.metadata (12 kB)
Collecting tf-keras
  Downloading tf_keras-2.20.1-py3-none-any.whl.metadata (1.8 kB)
Collecting tqdm (from sentence-transformers==3.0.1)
  Using cached tqdm-4.67.1-py3-none-any.whl.metadata (57 kB)
Collecting torch>=1.11.0 (from sentence-transformers==3.0.1)
  Downloading torch-2.9.1-cp312-cp312-manylinux_2_28_x86_64.whl.metadata (30 kB)
Collecting numpy (from sentence-transformers==3.0.1)
  Downloading numpy-2.4.0-cp312-cp312-manylinux_2_27_x86_64.manylinux_2_28_x86_64.whl.metadata (6.6 kB)
Collecting scikit-learn (from sentence-transformers==3.0.1)
  Downloading scikit_learn-1.8.0-cp312-cp312-manylinux_2_27_x86_64.manylinux_2_28_x86_64.whl.metadata (11 kB)
Collecting scipy (from sentence-transformers==3.0.1)
  Downloading scipy-1.16.3-cp312-cp312-manylinux2014_x86_64.manylinux_2_17_x86_64.whl.metadata (62 kB)
     ━━━━━━━━━━━━━━━━━━━━━━━━━━━━━━━━━━━━━━━━ 62.0/62.0 kB 3.5 MB/s eta 0:00:00
Collecting Pillow (from sentence-transformers==3.0.1)
  Downloading pillow-12.1.0-cp312-cp312-manylinux_2_27_x86_64.manylinux_2_28_x86_64.whl.metadata (8.8 kB)
Requirement already satisfied: filelock in /home/murchhana/KJSIT/lib/python3.12/site-packages (from transformers==4.40.2) (3.19.1)
Requirement already satisfied: packaging>=20.0 in /home/murchhana/KJSIT/lib/python3.12/site-packages (from transformers==4.40.2) (24.2)
Requirement already satisfied: pyyaml>=5.1 in /home/murchhana/KJSIT/lib/python3.12/site-packages (from transformers==4.40.2) (6.0.3)
Collecting regex!=2019.12.17 (from transformers==4.40.2)
  Downloading regex-2025.11.3-cp312-cp312-manylinux2014_x86_64.manylinux_2_17_x86_64.manylinux_2_28_x86_64.whl.metadata (40 kB)
     ━━━━━━━━━━━━━━━━━━━━━━━━━━━━━━━━━━━━━━━━ 40.5/40.5 kB 2.4 MB/s eta 0:00:00
Requirement already satisfied: requests in /home/murchhana/KJSIT/lib/python3.12/site-packages (from transformers==4.40.2) (2.32.5)
Collecting tokenizers<0.20,>=0.19 (from transformers==4.40.2)
  Downloading tokenizers-0.19.1-cp312-cp312-manylinux_2_17_x86_64.manylinux2014_x86_64.whl.metadata (6.7 kB)
Collecting safetensors>=0.4.1 (from transformers==4.40.2)
  Downloading safetensors-0.7.0-cp38-abi3-manylinux_2_17_x86_64.manylinux2014_x86_64.whl.metadata (4.1 kB)
Collecting fsspec>=2023.5.0 (from huggingface_hub==0.22.2)
  Downloading fsspec-2025.12.0-py3-none-any.whl.metadata (10 kB)
Collecting typing-extensions>=3.7.4.3 (from huggingface_hub==0.22.2)
  Using cached typing_extensions-4.15.0-py3-none-any.whl.metadata (3.3 kB)
Collecting tensorflow<2.21,>=2.20 (from tf-keras)
  Downloading tensorflow-2.20.0-cp312-cp312-manylinux_2_17_x86_64.manylinux2014_x86_64.whl.metadata (4.5 kB)
Collecting absl-py>=1.0.0 (from tensorflow<2.21,>=2.20->tf-keras)
  Downloading absl_py-2.3.1-py3-none-any.whl.metadata (3.3 kB)
Collecting astunparse>=1.6.0 (from tensorflow<2.21,>=2.20->tf-keras)
  Downloading astunparse-1.6.3-py2.py3-none-any.whl.metadata (4.4 kB)
Collecting flatbuffers>=24.3.25 (from tensorflow<2.21,>=2.20->tf-keras)
  Downloading flatbuffers-25.12.19-py2.py3-none-any.whl.metadata (1.0 kB)
Collecting gast!=0.5.0,!=0.5.1,!=0.5.2,>=0.2.1 (from tensorflow<2.21,>=2.20->tf-keras)
  Downloading gast-0.7.0-py3-none-any.whl.metadata (1.5 kB)
Collecting google_pasta>=0.1.1 (from tensorflow<2.21,>=2.20->tf-keras)
  Downloading google_pasta-0.2.0-py3-none-any.whl.metadata (814 bytes)
Collecting libclang>=13.0.0 (from tensorflow<2.21,>=2.20->tf-keras)
  Downloading libclang-18.1.1-py2.py3-none-manylinux2010_x86_64.whl.metadata (5.2 kB)
Collecting opt_einsum>=2.3.2 (from tensorflow<2.21,>=2.20->tf-keras)
  Downloading opt_einsum-3.4.0-py3-none-any.whl.metadata (6.3 kB)
Collecting protobuf>=5.28.0 (from tensorflow<2.21,>=2.20->tf-keras)
  Downloading protobuf-6.33.2-cp39-abi3-manylinux2014_x86_64.whl.metadata (593 bytes)
Requirement already satisfied: setuptools in /home/murchhana/KJSIT/lib/python3.12/site-packages (from tensorflow<2.21,>=2.20->tf-keras) (80.9.0)
Requirement already satisfied: six>=1.12.0 in /home/murchhana/KJSIT/lib/python3.12/site-packages (from tensorflow<2.21,>=2.20->tf-keras) (1.17.0)
Requirement already satisfied: termcolor>=1.1.0 in /home/murchhana/KJSIT/lib/python3.12/site-packages (from tensorflow<2.21,>=2.20->tf-keras) (2.5.0)
Requirement already satisfied: wrapt>=1.11.0 in /home/murchhana/KJSIT/lib/python3.12/site-packages (from tensorflow<2.21,>=2.20->tf-keras) (1.17.3)
Collecting grpcio<2.0,>=1.24.3 (from tensorflow<2.21,>=2.20->tf-keras)
  Downloading grpcio-1.76.0-cp312-cp312-manylinux2014_x86_64.manylinux_2_17_x86_64.whl.metadata (3.7 kB)
Collecting tensorboard~=2.20.0 (from tensorflow<2.21,>=2.20->tf-keras)
  Downloading tensorboard-2.20.0-py3-none-any.whl.metadata (1.8 kB)
Collecting keras>=3.10.0 (from tensorflow<2.21,>=2.20->tf-keras)
  Downloading keras-3.13.0-py3-none-any.whl.metadata (6.3 kB)
Collecting h5py>=3.11.0 (from tensorflow<2.21,>=2.20->tf-keras)
  Downloading h5py-3.15.1-cp312-cp312-manylinux_2_27_x86_64.manylinux_2_28_x86_64.whl.metadata (3.0 kB)
Collecting ml_dtypes<1.0.0,>=0.5.1 (from tensorflow<2.21,>=2.20->tf-keras)
  Downloading ml_dtypes-0.5.4-cp312-cp312-manylinux_2_27_x86_64.manylinux_2_28_x86_64.whl.metadata (8.9 kB)
Requirement already satisfied: charset_normalizer<4,>=2 in /home/murchhana/KJSIT/lib/python3.12/site-packages (from requests->transformers==4.40.2) (3.4.3)
Requirement already satisfied: idna<4,>=2.5 in /home/murchhana/KJSIT/lib/python3.12/site-packages (from requests->transformers==4.40.2) (3.10)
Requirement already satisfied: urllib3<3,>=1.21.1 in /home/murchhana/KJSIT/lib/python3.12/site-packages (from requests->transformers==4.40.2) (1.26.20)
Requirement already satisfied: certifi>=2017.4.17 in /home/murchhana/KJSIT/lib/python3.12/site-packages (from requests->transformers==4.40.2) (2025.8.3)
Collecting sympy>=1.13.3 (from torch>=1.11.0->sentence-transformers==3.0.1)
  Using cached sympy-1.14.0-py3-none-any.whl.metadata (12 kB)
Collecting networkx>=2.5.1 (from torch>=1.11.0->sentence-transformers==3.0.1)
  Downloading networkx-3.6.1-py3-none-any.whl.metadata (6.8 kB)
Collecting jinja2 (from torch>=1.11.0->sentence-transformers==3.0.1)
  Using cached jinja2-3.1.6-py3-none-any.whl.metadata (2.9 kB)
Collecting nvidia-cuda-nvrtc-cu12==12.8.93 (from torch>=1.11.0->sentence-transformers==3.0.1)
  Using cached nvidia_cuda_nvrtc_cu12-12.8.93-py3-none-manylinux2010_x86_64.manylinux_2_12_x86_64.whl.metadata (1.7 kB)
Collecting nvidia-cuda-runtime-cu12==12.8.90 (from torch>=1.11.0->sentence-transformers==3.0.1)
  Using cached nvidia_cuda_runtime_cu12-12.8.90-py3-none-manylinux2014_x86_64.manylinux_2_17_x86_64.whl.metadata (1.7 kB)
Collecting nvidia-cuda-cupti-cu12==12.8.90 (from torch>=1.11.0->sentence-transformers==3.0.1)
  Using cached nvidia_cuda_cupti_cu12-12.8.90-py3-none-manylinux2014_x86_64.manylinux_2_17_x86_64.whl.metadata (1.7 kB)
Collecting nvidia-cudnn-cu12==9.10.2.21 (from torch>=1.11.0->sentence-transformers==3.0.1)
  Using cached nvidia_cudnn_cu12-9.10.2.21-py3-none-manylinux_2_27_x86_64.whl.metadata (1.8 kB)
Collecting nvidia-cublas-cu12==12.8.4.1 (from torch>=1.11.0->sentence-transformers==3.0.1)
  Using cached nvidia_cublas_cu12-12.8.4.1-py3-none-manylinux_2_27_x86_64.whl.metadata (1.7 kB)
Collecting nvidia-cufft-cu12==11.3.3.83 (from torch>=1.11.0->sentence-transformers==3.0.1)
  Using cached nvidia_cufft_cu12-11.3.3.83-py3-none-manylinux2014_x86_64.manylinux_2_17_x86_64.whl.metadata (1.7 kB)
Collecting nvidia-curand-cu12==10.3.9.90 (from torch>=1.11.0->sentence-transformers==3.0.1)
  Using cached nvidia_curand_cu12-10.3.9.90-py3-none-manylinux_2_27_x86_64.whl.metadata (1.7 kB)
Collecting nvidia-cusolver-cu12==11.7.3.90 (from torch>=1.11.0->sentence-transformers==3.0.1)
  Using cached nvidia_cusolver_cu12-11.7.3.90-py3-none-manylinux_2_27_x86_64.whl.metadata (1.8 kB)
Collecting nvidia-cusparse-cu12==12.5.8.93 (from torch>=1.11.0->sentence-transformers==3.0.1)
  Using cached nvidia_cusparse_cu12-12.5.8.93-py3-none-manylinux2014_x86_64.manylinux_2_17_x86_64.whl.metadata (1.8 kB)
Collecting nvidia-cusparselt-cu12==0.7.1 (from torch>=1.11.0->sentence-transformers==3.0.1)
  Using cached nvidia_cusparselt_cu12-0.7.1-py3-none-manylinux2014_x86_64.whl.metadata (7.0 kB)
Collecting nvidia-nccl-cu12==2.27.5 (from torch>=1.11.0->sentence-transformers==3.0.1)
  Using cached nvidia_nccl_cu12-2.27.5-py3-none-manylinux2014_x86_64.manylinux_2_17_x86_64.whl.metadata (2.0 kB)
Collecting nvidia-nvshmem-cu12==3.3.20 (from torch>=1.11.0->sentence-transformers==3.0.1)
  Using cached nvidia_nvshmem_cu12-3.3.20-py3-none-manylinux2014_x86_64.manylinux_2_17_x86_64.whl.metadata (2.1 kB)
Collecting nvidia-nvtx-cu12==12.8.90 (from torch>=1.11.0->sentence-transformers==3.0.1)
  Using cached nvidia_nvtx_cu12-12.8.90-py3-none-manylinux2014_x86_64.manylinux_2_17_x86_64.whl.metadata (1.8 kB)
Collecting nvidia-nvjitlink-cu12==12.8.93 (from torch>=1.11.0->sentence-transformers==3.0.1)
  Using cached nvidia_nvjitlink_cu12-12.8.93-py3-none-manylinux2010_x86_64.manylinux_2_12_x86_64.whl.metadata (1.7 kB)
Collecting nvidia-cufile-cu12==1.13.1.3 (from torch>=1.11.0->sentence-transformers==3.0.1)
  Using cached nvidia_cufile_cu12-1.13.1.3-py3-none-manylinux2014_x86_64.manylinux_2_17_x86_64.whl.metadata (1.7 kB)
Collecting triton==3.5.1 (from torch>=1.11.0->sentence-transformers==3.0.1)
  Downloading triton-3.5.1-cp312-cp312-manylinux_2_27_x86_64.manylinux_2_28_x86_64.whl.metadata (1.7 kB)
Collecting joblib>=1.3.0 (from scikit-learn->sentence-transformers==3.0.1)
  Downloading joblib-1.5.3-py3-none-any.whl.metadata (5.5 kB)
Collecting threadpoolctl>=3.2.0 (from scikit-learn->sentence-transformers==3.0.1)
  Using cached threadpoolctl-3.6.0-py3-none-any.whl.metadata (13 kB)
Collecting wheel<1.0,>=0.23.0 (from astunparse>=1.6.0->tensorflow<2.21,>=2.20->tf-keras)
  Downloading wheel-0.45.1-py3-none-any.whl.metadata (2.3 kB)
Requirement already satisfied: rich in /home/murchhana/KJSIT/lib/python3.12/site-packages (from keras>=3.10.0->tensorflow<2.21,>=2.20->tf-keras) (14.2.0)
Collecting namex (from keras>=3.10.0->tensorflow<2.21,>=2.20->tf-keras)
  Downloading namex-0.1.0-py3-none-any.whl.metadata (322 bytes)
Collecting optree (from keras>=3.10.0->tensorflow<2.21,>=2.20->tf-keras)
  Downloading optree-0.18.0-cp312-cp312-manylinux_2_27_x86_64.manylinux_2_28_x86_64.whl.metadata (34 kB)
Collecting mpmath<1.4,>=1.1.0 (from sympy>=1.13.3->torch>=1.11.0->sentence-transformers==3.0.1)
  Using cached mpmath-1.3.0-py3-none-any.whl.metadata (8.6 kB)
Collecting markdown>=2.6.8 (from tensorboard~=2.20.0->tensorflow<2.21,>=2.20->tf-keras)
  Downloading markdown-3.10-py3-none-any.whl.metadata (5.1 kB)
Collecting tensorboard-data-server<0.8.0,>=0.7.0 (from tensorboard~=2.20.0->tensorflow<2.21,>=2.20->tf-keras)
  Downloading tensorboard_data_server-0.7.2-py3-none-manylinux_2_31_x86_64.whl.metadata (1.1 kB)
Collecting werkzeug>=1.0.1 (from tensorboard~=2.20.0->tensorflow<2.21,>=2.20->tf-keras)
  Downloading werkzeug-3.1.4-py3-none-any.whl.metadata (4.0 kB)
Collecting MarkupSafe>=2.0 (from jinja2->torch>=1.11.0->sentence-transformers==3.0.1)
  Using cached markupsafe-3.0.3-cp312-cp312-manylinux2014_x86_64.manylinux_2_17_x86_64.manylinux_2_28_x86_64.whl.metadata (2.7 kB)
Requirement already satisfied: markdown-it-py>=2.2.0 in /home/murchhana/KJSIT/lib/python3.12/site-packages (from rich->keras>=3.10.0->tensorflow<2.21,>=2.20->tf-keras) (4.0.0)
Requirement already satisfied: pygments<3.0.0,>=2.13.0 in /home/murchhana/KJSIT/lib/python3.12/site-packages (from rich->keras>=3.10.0->tensorflow<2.21,>=2.20->tf-keras) (2.19.2)
Requirement already satisfied: mdurl~=0.1 in /home/murchhana/KJSIT/lib/python3.12/site-packages (from markdown-it-py>=2.2.0->rich->keras>=3.10.0->tensorflow<2.21,>=2.20->tf-keras) (0.1.2)
Downloading sentence_transformers-3.0.1-py3-none-any.whl (227 kB)
   ━━━━━━━━━━━━━━━━━━━━━━━━━━━━━━━━━━━━━━━━ 227.1/227.1 kB 8.7 MB/s eta 0:00:00
Downloading transformers-4.40.2-py3-none-any.whl (9.0 MB)
   ━━━━━━━━━━━━━━━━━━━━━━━━━━━━━━━━━━━━━━━━ 9.0/9.0 MB 6.3 MB/s eta 0:00:00
Downloading huggingface_hub-0.22.2-py3-none-any.whl (388 kB)
   ━━━━━━━━━━━━━━━━━━━━━━━━━━━━━━━━━━━━━━━━ 388.9/388.9 kB 2.8 MB/s eta 0:00:00
Downloading tf_keras-2.20.1-py3-none-any.whl (1.7 MB)
   ━━━━━━━━━━━━━━━━━━━━━━━━━━━━━━━━━━━━━━━━ 1.7/1.7 MB 5.7 MB/s eta 0:00:00
Downloading fsspec-2025.12.0-py3-none-any.whl (201 kB)
   ━━━━━━━━━━━━━━━━━━━━━━━━━━━━━━━━━━━━━━━━ 201.4/201.4 kB 4.1 MB/s eta 0:00:00
Downloading numpy-2.4.0-cp312-cp312-manylinux_2_27_x86_64.manylinux_2_28_x86_64.whl (16.4 MB)
   ━━━━━━━━━━━━━━━━━━━━━━━━━━━━━━━━━━━━━━━━ 16.4/16.4 MB 4.7 MB/s eta 0:00:00
Downloading regex-2025.11.3-cp312-cp312-manylinux2014_x86_64.manylinux_2_17_x86_64.manylinux_2_28_x86_64.whl (803 kB)
   ━━━━━━━━━━━━━━━━━━━━━━━━━━━━━━━━━━━━━━━━ 803.5/803.5 kB 5.1 MB/s eta 0:00:00
Downloading safetensors-0.7.0-cp38-abi3-manylinux_2_17_x86_64.manylinux2014_x86_64.whl (507 kB)
   ━━━━━━━━━━━━━━━━━━━━━━━━━━━━━━━━━━━━━━━━ 507.2/507.2 kB 6.6 MB/s eta 0:00:00
Downloading tensorflow-2.20.0-cp312-cp312-manylinux_2_17_x86_64.manylinux2014_x86_64.whl (620.7 MB)
   ━━━━━━━━━━━━━━━━━━━━━━━━━━━━━━━━━━━━━━━━ 620.7/620.7 MB 3.8 MB/s eta 0:00:00
Downloading tokenizers-0.19.1-cp312-cp312-manylinux_2_17_x86_64.manylinux2014_x86_64.whl (3.6 MB)
   ━━━━━━━━━━━━━━━━━━━━━━━━━━━━━━━━━━━━━━━━ 3.6/3.6 MB 8.8 MB/s eta 0:00:00
Downloading torch-2.9.1-cp312-cp312-manylinux_2_28_x86_64.whl (899.7 MB)
   ━━━━━━━━━━━━━━━━━━━━━━━━━━━━━━━━━━━━━━━━ 899.7/899.7 MB 3.4 MB/s eta 0:00:00
Using cached nvidia_cublas_cu12-12.8.4.1-py3-none-manylinux_2_27_x86_64.whl (594.3 MB)
Using cached nvidia_cuda_cupti_cu12-12.8.90-py3-none-manylinux2014_x86_64.manylinux_2_17_x86_64.whl (10.2 MB)
Using cached nvidia_cuda_nvrtc_cu12-12.8.93-py3-none-manylinux2010_x86_64.manylinux_2_12_x86_64.whl (88.0 MB)
Using cached nvidia_cuda_runtime_cu12-12.8.90-py3-none-manylinux2014_x86_64.manylinux_2_17_x86_64.whl (954 kB)
Using cached nvidia_cudnn_cu12-9.10.2.21-py3-none-manylinux_2_27_x86_64.whl (706.8 MB)
Using cached nvidia_cufft_cu12-11.3.3.83-py3-none-manylinux2014_x86_64.manylinux_2_17_x86_64.whl (193.1 MB)
Using cached nvidia_cufile_cu12-1.13.1.3-py3-none-manylinux2014_x86_64.manylinux_2_17_x86_64.whl (1.2 MB)
Using cached nvidia_curand_cu12-10.3.9.90-py3-none-manylinux_2_27_x86_64.whl (63.6 MB)
Using cached nvidia_cusolver_cu12-11.7.3.90-py3-none-manylinux_2_27_x86_64.whl (267.5 MB)
Using cached nvidia_cusparse_cu12-12.5.8.93-py3-none-manylinux2014_x86_64.manylinux_2_17_x86_64.whl (288.2 MB)
Using cached nvidia_cusparselt_cu12-0.7.1-py3-none-manylinux2014_x86_64.whl (287.2 MB)
Using cached nvidia_nccl_cu12-2.27.5-py3-none-manylinux2014_x86_64.manylinux_2_17_x86_64.whl (322.3 MB)
Using cached nvidia_nvjitlink_cu12-12.8.93-py3-none-manylinux2010_x86_64.manylinux_2_12_x86_64.whl (39.3 MB)
Using cached nvidia_nvshmem_cu12-3.3.20-py3-none-manylinux2014_x86_64.manylinux_2_17_x86_64.whl (124.7 MB)
Using cached nvidia_nvtx_cu12-12.8.90-py3-none-manylinux2014_x86_64.manylinux_2_17_x86_64.whl (89 kB)
Downloading triton-3.5.1-cp312-cp312-manylinux_2_27_x86_64.manylinux_2_28_x86_64.whl (170.5 MB)
   ━━━━━━━━━━━━━━━━━━━━━━━━━━━━━━━━━━━━━━━━ 170.5/170.5 MB 4.6 MB/s eta 0:00:00
Using cached tqdm-4.67.1-py3-none-any.whl (78 kB)
Using cached typing_extensions-4.15.0-py3-none-any.whl (44 kB)
Downloading pillow-12.1.0-cp312-cp312-manylinux_2_27_x86_64.manylinux_2_28_x86_64.whl (7.0 MB)
   ━━━━━━━━━━━━━━━━━━━━━━━━━━━━━━━━━━━━━━━━ 7.0/7.0 MB 5.3 MB/s eta 0:00:00
Downloading scikit_learn-1.8.0-cp312-cp312-manylinux_2_27_x86_64.manylinux_2_28_x86_64.whl (8.9 MB)
   ━━━━━━━━━━━━━━━━━━━━━━━━━━━━━━━━━━━━━━━━ 8.9/8.9 MB 5.0 MB/s eta 0:00:00
Downloading scipy-1.16.3-cp312-cp312-manylinux2014_x86_64.manylinux_2_17_x86_64.whl (35.7 MB)
   ━━━━━━━━━━━━━━━━━━━━━━━━━━━━━━━━━━━━━━━━ 35.7/35.7 MB 4.8 MB/s eta 0:00:00
Downloading absl_py-2.3.1-py3-none-any.whl (135 kB)
   ━━━━━━━━━━━━━━━━━━━━━━━━━━━━━━━━━━━━━━━━ 135.8/135.8 kB 3.1 MB/s eta 0:00:00
Downloading astunparse-1.6.3-py2.py3-none-any.whl (12 kB)
Downloading flatbuffers-25.12.19-py2.py3-none-any.whl (26 kB)
Downloading gast-0.7.0-py3-none-any.whl (22 kB)
Downloading google_pasta-0.2.0-py3-none-any.whl (57 kB)
   ━━━━━━━━━━━━━━━━━━━━━━━━━━━━━━━━━━━━━━━━ 57.5/57.5 kB 2.6 MB/s eta 0:00:00
Downloading grpcio-1.76.0-cp312-cp312-manylinux2014_x86_64.manylinux_2_17_x86_64.whl (6.6 MB)
   ━━━━━━━━━━━━━━━━━━━━━━━━━━━━━━━━━━━━━━━━ 6.6/6.6 MB 6.1 MB/s eta 0:00:00
Downloading h5py-3.15.1-cp312-cp312-manylinux_2_27_x86_64.manylinux_2_28_x86_64.whl (5.1 MB)
   ━━━━━━━━━━━━━━━━━━━━━━━━━━━━━━━━━━━━━━━━ 5.1/5.1 MB 4.6 MB/s eta 0:00:00
Downloading joblib-1.5.3-py3-none-any.whl (309 kB)
   ━━━━━━━━━━━━━━━━━━━━━━━━━━━━━━━━━━━━━━━━ 309.1/309.1 kB 4.8 MB/s eta 0:00:00
Downloading keras-3.13.0-py3-none-any.whl (1.5 MB)
   ━━━━━━━━━━━━━━━━━━━━━━━━━━━━━━━━━━━━━━━━ 1.5/1.5 MB 6.7 MB/s eta 0:00:00
Downloading libclang-18.1.1-py2.py3-none-manylinux2010_x86_64.whl (24.5 MB)
   ━━━━━━━━━━━━━━━━━━━━━━━━━━━━━━━━━━━━━━━━ 24.5/24.5 MB 5.2 MB/s eta 0:00:00
Downloading ml_dtypes-0.5.4-cp312-cp312-manylinux_2_27_x86_64.manylinux_2_28_x86_64.whl (5.0 MB)
   ━━━━━━━━━━━━━━━━━━━━━━━━━━━━━━━━━━━━━━━━ 5.0/5.0 MB 2.7 MB/s eta 0:00:00
Downloading networkx-3.6.1-py3-none-any.whl (2.1 MB)
   ━━━━━━━━━━━━━━━━━━━━━━━━━━━━━━━━━━━━━━━━ 2.1/2.1 MB 3.3 MB/s eta 0:00:00
Downloading opt_einsum-3.4.0-py3-none-any.whl (71 kB)
   ━━━━━━━━━━━━━━━━━━━━━━━━━━━━━━━━━━━━━━━━ 71.9/71.9 kB 2.2 MB/s eta 0:00:00
Downloading protobuf-6.33.2-cp39-abi3-manylinux2014_x86_64.whl (323 kB)
   ━━━━━━━━━━━━━━━━━━━━━━━━━━━━━━━━━━━━━━━━ 323.3/323.3 kB 4.3 MB/s eta 0:00:00
Using cached sympy-1.14.0-py3-none-any.whl (6.3 MB)
Downloading tensorboard-2.20.0-py3-none-any.whl (5.5 MB)
   ━━━━━━━━━━━━━━━━━━━━━━━━━━━━━━━━━━━━━━━━ 5.5/5.5 MB 5.7 MB/s eta 0:00:00
Using cached threadpoolctl-3.6.0-py3-none-any.whl (18 kB)
Using cached jinja2-3.1.6-py3-none-any.whl (134 kB)
Downloading markdown-3.10-py3-none-any.whl (107 kB)
   ━━━━━━━━━━━━━━━━━━━━━━━━━━━━━━━━━━━━━━━━ 107.7/107.7 kB 3.0 MB/s eta 0:00:00
Using cached markupsafe-3.0.3-cp312-cp312-manylinux2014_x86_64.manylinux_2_17_x86_64.manylinux_2_28_x86_64.whl (22 kB)
Using cached mpmath-1.3.0-py3-none-any.whl (536 kB)
Downloading tensorboard_data_server-0.7.2-py3-none-manylinux_2_31_x86_64.whl (6.6 MB)
   ━━━━━━━━━━━━━━━━━━━━━━━━━━━━━━━━━━━━━━━━ 6.6/6.6 MB 5.2 MB/s eta 0:00:00
Downloading werkzeug-3.1.4-py3-none-any.whl (224 kB)
   ━━━━━━━━━━━━━━━━━━━━━━━━━━━━━━━━━━━━━━━━ 225.0/225.0 kB 3.7 MB/s eta 0:00:00
Downloading wheel-0.45.1-py3-none-any.whl (72 kB)
   ━━━━━━━━━━━━━━━━━━━━━━━━━━━━━━━━━━━━━━━━ 72.5/72.5 kB 2.2 MB/s eta 0:00:00
Downloading namex-0.1.0-py3-none-any.whl (5.9 kB)
Downloading optree-0.18.0-cp312-cp312-manylinux_2_27_x86_64.manylinux_2_28_x86_64.whl (408 kB)
   ━━━━━━━━━━━━━━━━━━━━━━━━━━━━━━━━━━━━━━━━ 408.2/408.2 kB 5.0 MB/s eta 0:00:00
Installing collected packages: nvidia-cusparselt-cu12, namex, mpmath, libclang, flatbuffers, wheel, typing-extensions, triton, tqdm, threadpoolctl, tensorboard-data-server, sympy, safetensors, regex, protobuf, Pillow, opt_einsum, nvidia-nvtx-cu12, nvidia-nvshmem-cu12, nvidia-nvjitlink-cu12, nvidia-nccl-cu12, nvidia-curand-cu12, nvidia-cufile-cu12, nvidia-cuda-runtime-cu12, nvidia-cuda-nvrtc-cu12, nvidia-cuda-cupti-cu12, nvidia-cublas-cu12, numpy, networkx, MarkupSafe, markdown, joblib, google_pasta, gast, fsspec, absl-py, werkzeug, scipy, optree, nvidia-cusparse-cu12, nvidia-cufft-cu12, nvidia-cudnn-cu12, ml_dtypes, jinja2, huggingface_hub, h5py, grpcio, astunparse, tokenizers, tensorboard, scikit-learn, nvidia-cusolver-cu12, keras, transformers, torch, tensorflow, tf-keras, sentence-transformers
Successfully installed MarkupSafe-3.0.3 Pillow-12.1.0 absl-py-2.3.1 astunparse-1.6.3 flatbuffers-25.12.19 fsspec-2025.12.0 gast-0.7.0 google_pasta-0.2.0 grpcio-1.76.0 h5py-3.15.1 huggingface_hub-0.22.2 jinja2-3.1.6 joblib-1.5.3 keras-3.13.0 libclang-18.1.1 markdown-3.10 ml_dtypes-0.5.4 mpmath-1.3.0 namex-0.1.0 networkx-3.6.1 numpy-2.4.0 nvidia-cublas-cu12-12.8.4.1 nvidia-cuda-cupti-cu12-12.8.90 nvidia-cuda-nvrtc-cu12-12.8.93 nvidia-cuda-runtime-cu12-12.8.90 nvidia-cudnn-cu12-9.10.2.21 nvidia-cufft-cu12-11.3.3.83 nvidia-cufile-cu12-1.13.1.3 nvidia-curand-cu12-10.3.9.90 nvidia-cusolver-cu12-11.7.3.90 nvidia-cusparse-cu12-12.5.8.93 nvidia-cusparselt-cu12-0.7.1 nvidia-nccl-cu12-2.27.5 nvidia-nvjitlink-cu12-12.8.93 nvidia-nvshmem-cu12-3.3.20 nvidia-nvtx-cu12-12.8.90 opt_einsum-3.4.0 optree-0.18.0 protobuf-6.33.2 regex-2025.11.3 safetensors-0.7.0 scikit-learn-1.8.0 scipy-1.16.3 sentence-transformers-3.0.1 sympy-1.14.0 tensorboard-2.20.0 tensorboard-data-server-0.7.2 tensorflow-2.20.0 tf-keras-2.20.1 threadpoolctl-3.6.0 tokenizers-0.19.1 torch-2.9.1 tqdm-4.67.1 transformers-4.40.2 triton-3.5.1 typing-extensions-4.15.0 werkzeug-3.1.4 wheel-0.45.1
(KJSIT) murchhana@Len-X1:~/KJSIT/Semester V/AI Internship/Winter-Internship-Project$ pip install faiss
ERROR: Could not find a version that satisfies the requirement faiss (from versions: none)
ERROR: No matching distribution found for faiss
(KJSIT) murchhana@Len-X1:~/KJSIT/Semester V/AI Internship/Winter-Internship-Project$ pip install faiss-cpu
Collecting faiss-cpu
  Downloading faiss_cpu-1.13.2-cp310-abi3-manylinux_2_27_x86_64.manylinux_2_28_x86_64.whl.metadata (7.6 kB)
Requirement already satisfied: numpy<3.0,>=1.25.0 in /home/murchhana/KJSIT/lib/python3.12/site-packages (from faiss-cpu) (2.4.0)
Requirement already satisfied: packaging in /home/murchhana/KJSIT/lib/python3.12/site-packages (from faiss-cpu) (24.2)
Downloading faiss_cpu-1.13.2-cp310-abi3-manylinux_2_27_x86_64.manylinux_2_28_x86_64.whl (23.8 MB)
   ━━━━━━━━━━━━━━━━━━━━━━━━━━━━━━━━━━━━━━━━ 23.8/23.8 MB 4.6 MB/s eta 0:00:00
Installing collected packages: faiss-cpu
Successfully installed faiss-cpu-1.13.2
(KJSIT) murchhana@Len-X1:~/KJSIT/Semester V/AI Internship/Winter-Internship-Project$ pip install python-telegram-bot --upgrade
Collecting python-telegram-bot
  Downloading python_telegram_bot-22.5-py3-none-any.whl.metadata (17 kB)
Collecting httpx<0.29,>=0.27 (from python-telegram-bot)
  Downloading httpx-0.28.1-py3-none-any.whl.metadata (7.1 kB)
Collecting anyio (from httpx<0.29,>=0.27->python-telegram-bot)
  Downloading anyio-4.12.0-py3-none-any.whl.metadata (4.3 kB)
Requirement already satisfied: certifi in /home/murchhana/KJSIT/lib/python3.12/site-packages (from httpx<0.29,>=0.27->python-telegram-bot) (2025.8.3)
Collecting httpcore==1.* (from httpx<0.29,>=0.27->python-telegram-bot)
  Downloading httpcore-1.0.9-py3-none-any.whl.metadata (21 kB)
Requirement already satisfied: idna in /home/murchhana/KJSIT/lib/python3.12/site-packages (from httpx<0.29,>=0.27->python-telegram-bot) (3.10)
Collecting h11>=0.16 (from httpcore==1.*->httpx<0.29,>=0.27->python-telegram-bot)
  Downloading h11-0.16.0-py3-none-any.whl.metadata (8.3 kB)
Requirement already satisfied: typing_extensions>=4.5 in /home/murchhana/KJSIT/lib/python3.12/site-packages (from anyio->httpx<0.29,>=0.27->python-telegram-bot) (4.15.0)
Downloading python_telegram_bot-22.5-py3-none-any.whl (730 kB)
   ━━━━━━━━━━━━━━━━━━━━━━━━━━━━━━━━━━━━━━━━ 731.0/731.0 kB 16.3 MB/s eta 0:00:00
Downloading httpx-0.28.1-py3-none-any.whl (73 kB)
   ━━━━━━━━━━━━━━━━━━━━━━━━━━━━━━━━━━━━━━━━ 73.5/73.5 kB 4.4 MB/s eta 0:00:00
Downloading httpcore-1.0.9-py3-none-any.whl (78 kB)
   ━━━━━━━━━━━━━━━━━━━━━━━━━━━━━━━━━━━━━━━━ 78.8/78.8 kB 4.8 MB/s eta 0:00:00
Downloading anyio-4.12.0-py3-none-any.whl (113 kB)
   ━━━━━━━━━━━━━━━━━━━━━━━━━━━━━━━━━━━━━━━━ 113.4/113.4 kB 7.3 MB/s eta 0:00:00
Downloading h11-0.16.0-py3-none-any.whl (37 kB)
Installing collected packages: h11, anyio, httpcore, httpx, python-telegram-bot
Successfully installed anyio-4.12.0 h11-0.16.0 httpcore-1.0.9 httpx-0.28.1 python-telegram-bot-22.5
(KJSIT) murchhana@Len-X1:~/KJSIT/Semester V/AI Internship/Winter-Internship-Project$ 
